[1.179s] Invoking command in '/home/assil/gazebo_maritime_ws/build/ros2_maritime': DEBUGINFOD_URLS=https://debuginfod.ubuntu.com PYTHONPATH=/home/assil/gazebo_maritime_ws/build/ros2_maritime/prefix_override:/usr/lib/python3/dist-packages/colcon_core/task/python/colcon_distutils_commands:/home/assil/gazebo_maritime_ws/install/ros2_maritime/lib/python3.12/site-packages:${PYTHONPATH} /usr/bin/python3 -W ignore:setup.py install is deprecated -W ignore:easy_install command is deprecated setup.py develop --editable --build-directory /home/assil/gazebo_maritime_ws/build/ros2_maritime/build --no-deps symlink_data
[1.664s] running develop
[1.955s] running egg_info
[1.980s] writing ros2_maritime.egg-info/PKG-INFO
[1.981s] writing dependency_links to ros2_maritime.egg-info/dependency_links.txt
[1.981s] writing entry points to ros2_maritime.egg-info/entry_points.txt
[1.981s] writing requirements to ros2_maritime.egg-info/requires.txt
[1.981s] writing top-level names to ros2_maritime.egg-info/top_level.txt
[2.039s] reading manifest file 'ros2_maritime.egg-info/SOURCES.txt'
[2.040s] writing manifest file 'ros2_maritime.egg-info/SOURCES.txt'
[2.068s] running build_ext
[2.068s] Creating /home/assil/gazebo_maritime_ws/install/ros2_maritime/lib/python3.12/site-packages/ros2-maritime.egg-link (link to .)
[2.069s] Installing heading script to /home/assil/gazebo_maritime_ws/install/ros2_maritime/lib/ros2_maritime
[2.070s] Installing imu_relay script to /home/assil/gazebo_maritime_ws/install/ros2_maritime/lib/ros2_maritime
[2.070s] 
[2.071s] Installed /home/assil/gazebo_maritime_ws/build/ros2_maritime
[2.071s] running symlink_data
[2.071s] symbolically linking /home/assil/gazebo_maritime_ws/build/ros2_maritime/launch/display.launch.py -> /home/assil/gazebo_maritime_ws/install/ros2_maritime/share/ros2_maritime/launch
[2.071s] symbolically linking /home/assil/gazebo_maritime_ws/build/ros2_maritime/config/ekf_filter.yaml -> /home/assil/gazebo_maritime_ws/install/ros2_maritime/share/ros2_maritime/config
[2.071s] symbolically linking /home/assil/gazebo_maritime_ws/build/ros2_maritime/config/bridge_config.yaml -> /home/assil/gazebo_maritime_ws/install/ros2_maritime/share/ros2_maritime/config
[2.131s] Invoked command in '/home/assil/gazebo_maritime_ws/build/ros2_maritime' returned '0': DEBUGINFOD_URLS=https://debuginfod.ubuntu.com PYTHONPATH=/home/assil/gazebo_maritime_ws/build/ros2_maritime/prefix_override:/usr/lib/python3/dist-packages/colcon_core/task/python/colcon_distutils_commands:/home/assil/gazebo_maritime_ws/install/ros2_maritime/lib/python3.12/site-packages:${PYTHONPATH} /usr/bin/python3 -W ignore:setup.py install is deprecated -W ignore:easy_install command is deprecated setup.py develop --editable --build-directory /home/assil/gazebo_maritime_ws/build/ros2_maritime/build --no-deps symlink_data
