running develop
running egg_info
creating ros2_maritime.egg-info
writing ros2_maritime.egg-info/PKG-INFO
writing dependency_links to ros2_maritime.egg-info/dependency_links.txt
writing requirements to ros2_maritime.egg-info/requires.txt
writing top-level names to ros2_maritime.egg-info/top_level.txt
writing manifest file 'ros2_maritime.egg-info/SOURCES.txt'
reading manifest file 'ros2_maritime.egg-info/SOURCES.txt'
writing manifest file 'ros2_maritime.egg-info/SOURCES.txt'
running build_ext
Creating /home/assil/gazebo_maritime_ws/install/ros2_maritime/lib/python3.12/site-packages/ros2-maritime.egg-link (link to .)

Installed /home/assil/gazebo_maritime_ws/build/ros2_maritime
running symlink_data
creating /home/assil/gazebo_maritime_ws/install/ros2_maritime/share/ament_index
creating /home/assil/gazebo_maritime_ws/install/ros2_maritime/share/ament_index/resource_index
creating /home/assil/gazebo_maritime_ws/install/ros2_maritime/share/ament_index/resource_index/packages
symbolically linking /home/assil/gazebo_maritime_ws/build/ros2_maritime/resource/ros2_maritime -> /home/assil/gazebo_maritime_ws/install/ros2_maritime/share/ament_index/resource_index/packages
symbolically linking /home/assil/gazebo_maritime_ws/build/ros2_maritime/package.xml -> /home/assil/gazebo_maritime_ws/install/ros2_maritime/share/ros2_maritime
creating /home/assil/gazebo_maritime_ws/install/ros2_maritime/share/ros2_maritime/launch
creating /home/assil/gazebo_maritime_ws/install/ros2_maritime/share/ros2_maritime/config
creating /home/assil/gazebo_maritime_ws/install/ros2_maritime/share/ros2_maritime/rviz
